<?xml version="1.0" encoding="UTF-8"?><?xml-stylesheet type="text/xsl" href="/3.2/style/family.xsl"?>
<ops:world-patent-data xmlns="http://www.epo.org/exchange" xmlns:ops="http://ops.epo.org" xmlns:xlink="http://www.w3.org/1999/xlink">
    <ops:patent-family legal="false" total-result-count="6">
        <ops:publication-reference>
            <document-id document-id-type="docdb">
                <country>EP</country>
                <doc-number>1000000</doc-number>
                <kind>A1</kind>
            </document-id>
        </ops:publication-reference>
        <ops:family-member family-id="19768124">
            <publication-reference>
                <document-id document-id-type="docdb">
                    <country>EP</country>
                    <doc-number>1000000</doc-number>
                    <kind>A1</kind>
                    <date>20000517</date>
                </document-id>
                <document-id document-id-type="epodoc">
                    <doc-number>EP1000000</doc-number>
                    <date>20000517</date>
                </document-id>
            </publication-reference>
            <application-reference doc-id="17397285" is-representative="YES">
                <document-id document-id-type="docdb">
                    <country>EP</country>
                    <doc-number>99203729</doc-number>
                    <kind>A</kind>
                    <date>19991108</date>
                </document-id>
            </application-reference>
            <priority-claim sequence="1" kind="national">
                <document-id document-id-type="docdb">
                    <country>NL</country>
                    <doc-number>1010536</doc-number>
                    <kind>A</kind>
                    <date>19981112</date>
                </document-id>
                <priority-active-indicator>YES</priority-active-indicator>
            </priority-claim>
        </ops:family-member>
        <ops:family-member family-id="19768124">
            <publication-reference>
                <document-id document-id-type="docdb">
                    <country>EP</country>
                    <doc-number>1000000</doc-number>
                    <kind>B1</kind>
                    <date>20030212</date>
                </document-id>
                <document-id document-id-type="epodoc">
                    <doc-number>EP1000000</doc-number>
                    <date>20030212</date>
                </document-id>
            </publication-reference>
            <application-reference doc-id="17397285" is-representative="YES">
                <document-id document-id-type="docdb">
                    <country>EP</country>
                    <doc-number>99203729</doc-number>
                    <kind>A</kind>
                    <date>19991108</date>
                </document-id>
            </application-reference>
            <priority-claim sequence="1" kind="national">
                <document-id document-id-type="docdb">
                    <country>NL</country>
                    <doc-number>1010536</doc-number>
                    <kind>A</kind>
                    <date>19981112</date>
                </document-id>
                <priority-active-indicator>YES</priority-active-indicator>
            </priority-claim>
        </ops:family-member>
        <ops:family-member family-id="19768124">
            <publication-reference>
                <document-id document-id-type="docdb">
                    <country>AT</country>
                    <doc-number>232441</doc-number>
                    <kind>T</kind>
                    <date>20030215</date>
                </document-id>
                <document-id document-id-type="epodoc">
                    <doc-number>AT232441</doc-number>
                    <date>20030215</date>
                </document-id>
            </publication-reference>
            <application-reference doc-id="1370469">
                <document-id document-id-type="docdb">
                    <country>AT</country>
                    <doc-number>99203729</doc-number>
                    <kind>T</kind>
                    <date>19991108</date>
                </document-id>
            </application-reference>
            <priority-claim sequence="1" kind="national">
                <document-id document-id-type="docdb">
                    <country>NL</country>
                    <doc-number>1010536</doc-number>
                    <kind>A</kind>
                    <date>19981112</date>
                </document-id>
                <priority-active-indicator>YES</priority-active-indicator>
            </priority-claim>
        </ops:family-member>
        <ops:family-member family-id="19768124">
            <publication-reference>
                <document-id document-id-type="docdb">
                    <country>DE</country>
                    <doc-number>69905327</doc-number>
                    <kind>D1</kind>
                    <date>20030320</date>
                </document-id>
                <document-id document-id-type="epodoc">
                    <doc-number>DE69905327D1</doc-number>
                    <date>20030320</date>
                </document-id>
            </publication-reference>
            <application-reference doc-id="14768233">
                <document-id document-id-type="docdb">
                    <country>DE</country>
                    <doc-number>69905327</doc-number>
                    <kind>T</kind>
                    <date>19991108</date>
                </document-id>
            </application-reference>
            <priority-claim sequence="1" kind="national">
                <document-id document-id-type="docdb">
                    <country>NL</country>
                    <doc-number>1010536</doc-number>
                    <kind>A</kind>
                    <date>19981112</date>
                </document-id>
                <priority-active-indicator>YES</priority-active-indicator>
            </priority-claim>
        </ops:family-member>
        <ops:family-member family-id="19768124">
            <publication-reference>
                <document-id document-id-type="docdb">
                    <country>NL</country>
                    <doc-number>1010536</doc-number>
                    <kind>C2</kind>
                    <date>20000515</date>
                </document-id>
                <document-id document-id-type="epodoc">
                    <doc-number>NL1010536C</doc-number>
                    <date>20000515</date>
                </document-id>
            </publication-reference>
            <application-reference doc-id="41488391">
                <document-id document-id-type="docdb">
                    <country>NL</country>
                    <doc-number>1010536</doc-number>
                    <kind>A</kind>
                    <date>19981112</date>
                </document-id>
            </application-reference>
            <priority-claim sequence="1" kind="national">
                <document-id document-id-type="docdb">
                    <country>NL</country>
                    <doc-number>1010536</doc-number>
                    <kind>A</kind>
                    <date>19981112</date>
                </document-id>
                <priority-active-indicator>YES</priority-active-indicator>
            </priority-claim>
        </ops:family-member>
        <ops:family-member family-id="19768124">
            <publication-reference>
                <document-id document-id-type="docdb">
                    <country>US</country>
                    <doc-number>6093011</doc-number>
                    <kind>A</kind>
                    <date>20000725</date>
                </document-id>
                <document-id document-id-type="epodoc">
                    <doc-number>US6093011</doc-number>
                    <date>20000725</date>
                </document-id>
            </publication-reference>
            <application-reference doc-id="48654472">
                <document-id document-id-type="docdb">
                    <country>US</country>
                    <doc-number>20685698</doc-number>
                    <kind>A</kind>
                    <date>19981208</date>
                </document-id>
            </application-reference>
            <priority-claim sequence="1" kind="national">
                <document-id document-id-type="docdb">
                    <country>NL</country>
                    <doc-number>1010536</doc-number>
                    <kind>A</kind>
                    <date>19981112</date>
                </document-id>
                <priority-active-indicator>YES</priority-active-indicator>
            </priority-claim>
        </ops:family-member>
    </ops:patent-family>
</ops:world-patent-data>