{
  "documents": [
    {
      "abstract": "Synthetic fuels are produced from synthesis gas in a four-stage reactor system with a single recycle loop providing the requisite thermal capacity to moderate the high heat release of the reactions and to provide the reactants and reaction environments for the efficient operation of the process. The first stage converts a portion of the synthesis gas to methanol, the second stage converts the methanol to dimethylether, the third stage converts the methanol and dimethylether to fuel and the fourth stage converts the high melting point component, durene, and other low volatility aromatic components such as tri- andtetra-methylbenzenes to high octane branched paraffins. The four-stage catalyst used for hydrotreating is resistant to CO poisoning. The reactions i produce water as a side product that is carried through to a high pressure separator after the fourth stage. The streams from the separator are a liquid fuel stream, a water stream and a gaseous stream that contains light hydrocarbon gases and the unreacted synthesis gas. The larger part of this gas stream is recycled to the inlet of the first stage and mixed with the fresh synthesis gas stream. Alternatively, the fresh synthetic gas stream is mixed with the product of the second stage. The smaller part of the gas stream from the separator is sent to hydrocarbon recovery and to fuel gas used for providing preheat of various streams. The liquid fuel is sent for blending into fuel products, such as gasoline, jet fuel, or diesel, and the water stream can be sent, for example, to the synthesis gas producing plant for steam generation.",
      "applicants_epodoc": [
        "FANG HOWARD L [US]",
        "BEN-REUVEN MOSHE [US]",
        "BOYLE RICHARD E [US]",
        "KOROS ROBERT M [US]",
        "PRIMUS GREEN ENERGY INC [US]"
      ],
      "applicants_original": [
        "FANG HOWARD L",
        "BEN-REUVEN MOSHE",
        "BOYLE RICHARD E",
        "KOROS ROBERT M",
        "PRIMUS GREEN ENERGY INC"
      ],
      "application_number": "US94268010A",
      "application_reference_docdb": {
        "country": "US",
        "doc_type": "country",
        "id_type": "docdb",
        "kind": "A",
        "number": "94268010"
      },
      "application_reference_epodoc": {
        "date": "2010-11-09",
        "doc_type": "doc",
        "id_type": "epodoc",
        "number": "US20100942680"
      },
      "application_reference_original": {
        "doc_type": "doc",
        "id_type": "original",
        "number": "12942680"
      },
      "citations": [
        {
          "cited_by": "examiner",
          "cited_phase": "national-search-report",
          "docdb": {
            "country": "US",
            "date": "1975-12-23",
            "doc_type": "country",
            "id_type": "docdb",
            "kind": "A",
            "name": "CHANG CLARENCE DAYTON, et al",
            "number": "3928483"
          },
          "epodoc": {
            "date": "1975-12-23",
            "doc_type": "doc",
            "id_type": "epodoc",
            "name": "CHANG CLARENCE DAYTON, et al",
            "number": "US3928483"
          },
          "original": {}
        },
        {
          "cited_by": "examiner",
          "cited_phase": "national-search-report",
          "docdb": {
            "country": "US",
            "date": "1985-05-28",
            "doc_type": "country",
            "id_type": "docdb",
            "kind": "A",
            "name": "SKOV ALLAN [DK], et al",
            "number": "4520216"
          },
          "epodoc": {
            "date": "1985-05-28",
            "doc_type": "doc",
            "id_type": "epodoc",
            "name": "SKOV ALLAN [DK], et al",
            "number": "US4520216"
          },
          "original": {}
        },
        {
          "cited_by": "examiner",
          "cited_phase": "national-search-report",
          "docdb": {
            "country": "US",
            "date": "1990-11-27",
            "doc_type": "country",
            "id_type": "docdb",
            "kind": "A",
            "name": "HAN SCOTT [US], et al",
            "number": "4973784"
          },
          "epodoc": {
            "date": "1990-11-27",
            "doc_type": "doc",
            "id_type": "epodoc",
            "name": "HAN SCOTT [US], et al",
            "number": "US4973784"
          },
          "original": {}
        },
        {
          "cited_by": "examiner",
          "cited_phase": "national-search-report",
          "docdb": {
            "country": "US",
            "date": "1994-06-14",
            "doc_type": "country",
            "id_type": "docdb",
            "kind": "A",
            "name": "CHANG CLARENCE D [US], et al",
            "number": "5321183"
          },
          "epodoc": {
            "date": "1994-06-14",
            "doc_type": "doc",
            "id_type": "epodoc",
            "name": "CHANG CLARENCE D [US], et al",
            "number": "US5321183"
          },
          "original": {}
        },
        {
          "cited_by": "examiner",
          "cited_phase": "national-search-report",
          "docdb": {
            "country": "US",
            "date": "2002-09-03",
            "doc_type": "country",
            "id_type": "docdb",
            "kind": "B1",
            "name": "JANDA GARY F [US]",
            "number": "6444712"
          },
          "epodoc": {
            "date": "2002-09-03",
            "doc_type": "doc",
            "id_type": "epodoc",
            "name": "JANDA GARY F [US]",
            "number": "US6444712"
          },
          "original": {}
        },
        {
          "cited_by": "examiner",
          "cited_phase": "national-search-report",
          "docdb": {
            "country": "US",
            "date": "2006-10-19",
            "doc_type": "country",
            "id_type": "docdb",
            "kind": "A1",
            "name": "BRIGNAC GARLAND B [US], et al",
            "number": "2006231464"
          },
          "epodoc": {
            "date": "2006-10-19",
            "doc_type": "doc",
            "id_type": "epodoc",
            "name": "BRIGNAC GARLAND B [US], et al",
            "number": "US2006231464"
          },
          "original": {}
        }
      ],
      "country": "US",
      "cpc_class": [
        "B01J 8/0449",
        "B01J 8/0449",
        "B01J 23/72",
        "C07C 1/041",
        "C07C 2/00",
        "C07C 29/151",
        "C07C 29/151",
        "C07C 41/09",
        "C07C 41/09",
        "C10G 2/00",
        "C10G 2/32",
        "C10G 2/32",
        "C10G 2/33",
        "C10G 2/33",
        "C10G 2/331",
        "C10G 2/331",
        "C10G 2/332",
        "C10G 2/332",
        "C10G 3/42",
        "C10G 3/42",
        "C10G 3/46",
        "C10G 3/46",
        "C10G 3/48",
        "C10G 3/48",
        "C10G 3/49",
        "C10G 3/49",
        "C10G 45/58",
        "C10G 45/58",
        "C10G 45/60",
        "C10G 45/60",
        "C10L 1/02",
        "C10L 3/08",
        "B01J 2219/0004",
        "B01J 2219/0004",
        "C10G 2300/1022",
        "C10G 2300/1022",
        "C10G 2300/304",
        "C10G 2300/304",
        "C10G 2300/4025",
        "C10G 2300/4025",
        "C10G 2300/4081",
        "C10G 2300/4081",
        "C10G 2400/02",
        "C10G 2400/02",
        "C10G 2400/04",
        "C10G 2400/04",
        "C10G 2400/08",
        "C10G 2400/08",
        "C10G 2400/30",
        "C10G 2400/30",
        "Y02P 20/52",
        "Y02P 20/52",
        "Y02P 30/20",
        "Y02P 30/20"
      ],
      "doc_number": "2012116137",
      "family_id": "46020268",
      "intl_class": [
        "B01J 8/ 00 A I",
        "C07C 1/ 02 A I"
      ],
      "inventors_epodoc": [
        "FANG HOWARD L [US]",
        "BEN-REUVEN MOSHE [US]",
        "BOYLE RICHARD E [US]",
        "KOROS ROBERT M [US]"
      ],
      "inventors_original": [
        "FANG HOWARD L",
        "BEN-REUVEN MOSHE",
        "BOYLE RICHARD E",
        "KOROS ROBERT M"
      ],
      "kind": "A1",
      "priority_claims": [
        {
          "date": "2010-11-09",
          "doc_type": "doc",
          "id_type": "epodoc",
          "number": "US20100942680"
        }
      ],
      "publication_number": "US2012116137A1",
      "publication_reference_docdb": {
        "country": "US",
        "date": "2012-05-10",
        "doc_type": "country",
        "id_type": "docdb",
        "kind": "A1",
        "number": "2012116137"
      },
      "publication_reference_epodoc": {
        "date": "2012-05-10",
        "doc_type": "doc",
        "id_type": "epodoc",
        "number": "US2012116137"
      },
      "publication_reference_original": {},
      "title": "SINGLE LOOP MULTISTAGE FUEL PRODUCTION",
      "titles": [
        {
          "lang": "en",
          "text": "SINGLE LOOP MULTISTAGE FUEL PRODUCTION"
        }
      ],
      "us_class": [
        "422/187",
        "585/310",
        "585/317",
        "585/322"
      ]
    }
  ]
}