<?xml version="1.0" encoding="UTF-8"?><?xml-stylesheet type="text/xsl" href="/3.2/style/exchange.xsl"?>
<ops:world-patent-data xmlns="http://www.epo.org/exchange" xmlns:ops="http://ops.epo.org" xmlns:xlink="http://www.w3.org/1999/xlink">
    <exchange-documents>
        <exchange-document system="ops.epo.org" family-id="19768124" country="EP" doc-number="1000000" kind="A1">
            <bibliographic-data>
                <publication-reference>
                    <document-id document-id-type="docdb">
                        <country>EP</country>
                        <doc-number>1000000</doc-number>
                        <kind>A1</kind>
                        <date>20000517</date>
                    </document-id>
                    <document-id document-id-type="epodoc">
                        <doc-number>EP1000000</doc-number>
                        <date>20000517</date>
                    </document-id>
                </publication-reference>
                <classification-ipc>
                    <text>B28B5/02</text>
                    <text>B28B7/00</text>
                    <text>B28B1/29</text>
                </classification-ipc>
                <classifications-ipcr>
                    <classification-ipcr sequence="1">
                        <text>B28B   1/    29            A I                    </text>
                    </classification-ipcr>
                    <classification-ipcr sequence="2">
                        <text>B28B   5/    02            A I                    </text>
                    </classification-ipcr>
                    <classification-ipcr sequence="3">
                        <text>B28B   7/    00            A I                    </text>
                    </classification-ipcr>
                    <classification-ipcr sequence="4">
                        <text>H02P   6/    08            A I                    </text>
                    </classification-ipcr>
                </classifications-ipcr>
                <patent-classifications>
                    <patent-classification sequence="1">
                        <classification-scheme office="EP" scheme="CPCI"/>
                        <section>B</section>
                        <class>28</class>
                        <subclass>B</subclass>
                        <main-group>1</main-group>
                        <subgroup>29</subgroup>
                        <classification-value>I</classification-value>
                        <generating-office>US</generating-office>
                    </patent-classification>
                    <patent-classification sequence="2">
                        <classification-scheme office="EP" scheme="CPCI"/>
                        <section>B</section>
                        <class>28</class>
                        <subclass>B</subclass>
                        <main-group>1</main-group>
                        <subgroup>29</subgroup>
                        <classification-value>I</classification-value>
                        <generating-office>EP</generating-office>
                    </patent-classification>
                    <patent-classification sequence="3">
                        <classification-scheme office="EP" scheme="CPCI"/>
                        <section>B</section>
                        <class>28</class>
                        <subclass>B</subclass>
                        <main-group>5</main-group>
                        <subgroup>022</subgroup>
                        <classification-value>I</classification-value>
                        <generating-office>US</generating-office>
                    </patent-classification>
                    <patent-classification sequence="4">
                        <classification-scheme office="EP" scheme="CPCI"/>
                        <section>B</section>
                        <class>28</class>
                        <subclass>B</subclass>
                        <main-group>5</main-group>
                        <subgroup>022</subgroup>
                        <classification-value>I</classification-value>
                        <generating-office>EP</generating-office>
                    </patent-classification>
                    <patent-classification sequence="5">
                        <classification-scheme office="EP" scheme="CPCI"/>
                        <section>B</section>
                        <class>28</class>
                        <subclass>B</subclass>
                        <main-group>7</main-group>
                        <subgroup>0064</subgroup>
                        <classification-value>I</classification-value>
                        <generating-office>US</generating-office>
                    </patent-classification>
                    <patent-classification sequence="6">
                        <classification-scheme office="EP" scheme="CPCI"/>
                        <section>B</section>
                        <class>28</class>
                        <subclass>B</subclass>
                        <main-group>7</main-group>
                        <subgroup>0064</subgroup>
                        <classification-value>I</classification-value>
                        <generating-office>EP</generating-office>
                    </patent-classification>
                </patent-classifications>
                <application-reference doc-id="17397285">
                    <document-id document-id-type="docdb">
                        <country>EP</country>
                        <doc-number>99203729</doc-number>
                        <kind>A</kind>
                    </document-id>
                    <document-id document-id-type="epodoc">
                        <doc-number>EP19990203729</doc-number>
                        <date>19991108</date>
                    </document-id>
                    <document-id document-id-type="original">
                        <doc-number>99203729</doc-number>
                    </document-id>
                </application-reference>
                <priority-claims>
                    <priority-claim sequence="1" kind="national">
                        <document-id document-id-type="epodoc">
                            <doc-number>NL19981010536</doc-number>
                            <date>19981112</date>
                        </document-id>
                        <document-id document-id-type="original">
                            <doc-number>1010536</doc-number>
                        </document-id>
                    </priority-claim>
                </priority-claims>
                <parties>
                    <applicants>
                        <applicant sequence="1" data-format="epodoc">
                            <applicant-name>
                                <name>BOER BEHEER NIJMEGEN BV DE [NL]
</name>
                            </applicant-name>
                        </applicant>
                        <applicant sequence="1" data-format="original">
                            <applicant-name>
                                <name>BEHEERMAATSCHAPPIJ DE BOER NIJMEGEN B.V</name>
                            </applicant-name>
                        </applicant>
                    </applicants>
                    <inventors>
                        <inventor sequence="1" data-format="epodoc">
                            <inventor-name>
                                <name>KOSMAN WILHELMUS JACOBUS MARIA [NL]</name>
                            </inventor-name>
                        </inventor>
                        <inventor sequence="1" data-format="original">
                            <inventor-name>
                                <name>KOSMAN, WILHELMUS JACOBUS MARIA</name>
                            </inventor-name>
                        </inventor>
                    </inventors>
                </parties>
                <invention-title lang="de">Vorrichtung zur Herstellung von Steinformlingen für die Ziegelindustrie</invention-title>
                <invention-title lang="fr">Dispositif pour la fabrication de briques crues utilisées dans l'industrie manufacturière des briques</invention-title>
                <invention-title lang="en">Apparatus for manufacturing green bricks for the brick manufacturing industry</invention-title>
                <references-cited>
                    <citation cited-phase="national-search-report" cited-by="examiner" sequence="1">
                        <patcit dnum-type="publication number" num="1">
                            <document-id document-id-type="epodoc">
                                <doc-number>DE3546191</doc-number>
                                <name>NETZSCH MASCHINENFABRIK [DE]</name>
                                <date>19870702</date>
                            </document-id>
                            <document-id document-id-type="docdb">
                                <country>DE</country>
                                <doc-number>3546191</doc-number>
                                <kind>A1</kind>
                                <name>NETZSCH MASCHINENFABRIK [DE]</name>
                                <date>19870702</date>
                            </document-id>
                        </patcit>
                        <category>A</category>
                        <rel-claims>1-3,8</rel-claims>
                        <rel-passage>
                            <passage>* the whole document *</passage>
                        </rel-passage>
                    </citation>
                    <citation cited-phase="national-search-report" cited-by="examiner" sequence="2">
                        <patcit dnum-type="publication number" num="2">
                            <document-id document-id-type="epodoc">
                                <doc-number>EP0680812</doc-number>
                                <name>BOER BEHEER NIJMEGEN BV DE [NL]</name>
                                <date>19951108</date>
                            </document-id>
                            <document-id document-id-type="docdb">
                                <country>EP</country>
                                <doc-number>0680812</doc-number>
                                <kind>A1</kind>
                                <name>BOER BEHEER NIJMEGEN BV DE [NL]</name>
                                <date>19951108</date>
                            </document-id>
                        </patcit>
                        <category>A</category>
                        <rel-claims>1,10,11</rel-claims>
                        <rel-passage>
                            <passage>* the whole document *</passage>
                        </rel-passage>
                    </citation>
                    <citation cited-phase="national-search-report" cited-by="examiner" sequence="3">
                        <patcit dnum-type="publication number" num="3">
                            <document-id document-id-type="epodoc">
                                <doc-number>NL9400663</doc-number>
                                <name>BOER BEHEER NIJMEGEN BV DE [NL]</name>
                                <date>19951201</date>
                            </document-id>
                            <document-id document-id-type="docdb">
                                <country>NL</country>
                                <doc-number>9400663</doc-number>
                                <kind>A</kind>
                                <name>BOER BEHEER NIJMEGEN BV DE [NL]</name>
                                <date>19951201</date>
                            </document-id>
                        </patcit>
                        <category>A</category>
                        <rel-claims>1,3</rel-claims>
                        <rel-passage>
                            <passage>* the whole document *</passage>
                        </rel-passage>
                    </citation>
                </references-cited>
            </bibliographic-data>
            <abstract lang="en">
                <p>The invention relates to an apparatus (1) for manufacturing green bricks from clay for the brick manufacturing industry, comprising a circulating conveyor (3) carrying mould containers combined to mould container parts (4), a reservoir (5) for clay arranged above the mould containers, means for carrying clay out of the reservoir (5) into the mould containers, means (9) for pressing and trimming clay in the mould containers, means (11) for supplying and placing take-off plates for the green bricks (13) and means for discharging green bricks released from the mould containers, characterized in that the apparatus further comprises means (22) for moving the mould container parts (4) filled with green bricks such that a protruding edge is formed on at least one side of the green bricks. &lt;IMAGE></p>
            </abstract>
        </exchange-document>
        <exchange-document system="ops.epo.org" family-id="19768124" country="EP" doc-number="1000000" kind="B1">
            <bibliographic-data>
                <publication-reference>
                    <document-id document-id-type="docdb">
                        <country>EP</country>
                        <doc-number>1000000</doc-number>
                        <kind>B1</kind>
                        <date>20030212</date>
                    </document-id>
                    <document-id document-id-type="epodoc">
                        <doc-number>EP1000000</doc-number>
                        <date>20030212</date>
                    </document-id>
                </publication-reference>
                <classification-ipc>
                    <text>B28B5/02</text>
                    <text>B28B7/00</text>
                    <text>B28B1/29</text>
                </classification-ipc>
                <classifications-ipcr>
                    <classification-ipcr sequence="1">
                        <text>B28B   1/    29            A I                    </text>
                    </classification-ipcr>
                    <classification-ipcr sequence="2">
                        <text>B28B   5/    02            A I                    </text>
                    </classification-ipcr>
                    <classification-ipcr sequence="3">
                        <text>B28B   7/    00            A I                    </text>
                    </classification-ipcr>
                    <classification-ipcr sequence="4">
                        <text>H02P   6/    08            A I                    </text>
                    </classification-ipcr>
                </classifications-ipcr>
                <patent-classifications>
                    <patent-classification sequence="1">
                        <classification-scheme office="EP" scheme="CPCI"/>
                        <section>B</section>
                        <class>28</class>
                        <subclass>B</subclass>
                        <main-group>1</main-group>
                        <subgroup>29</subgroup>
                        <classification-value>I</classification-value>
                        <generating-office>US</generating-office>
                    </patent-classification>
                    <patent-classification sequence="2">
                        <classification-scheme office="EP" scheme="CPCI"/>
                        <section>B</section>
                        <class>28</class>
                        <subclass>B</subclass>
                        <main-group>1</main-group>
                        <subgroup>29</subgroup>
                        <classification-value>I</classification-value>
                        <generating-office>EP</generating-office>
                    </patent-classification>
                    <patent-classification sequence="3">
                        <classification-scheme office="EP" scheme="CPCI"/>
                        <section>B</section>
                        <class>28</class>
                        <subclass>B</subclass>
                        <main-group>5</main-group>
                        <subgroup>022</subgroup>
                        <classification-value>I</classification-value>
                        <generating-office>US</generating-office>
                    </patent-classification>
                    <patent-classification sequence="4">
                        <classification-scheme office="EP" scheme="CPCI"/>
                        <section>B</section>
                        <class>28</class>
                        <subclass>B</subclass>
                        <main-group>5</main-group>
                        <subgroup>022</subgroup>
                        <classification-value>I</classification-value>
                        <generating-office>EP</generating-office>
                    </patent-classification>
                    <patent-classification sequence="5">
                        <classification-scheme office="EP" scheme="CPCI"/>
                        <section>B</section>
                        <class>28</class>
                        <subclass>B</subclass>
                        <main-group>7</main-group>
                        <subgroup>0064</subgroup>
                        <classification-value>I</classification-value>
                        <generating-office>US</generating-office>
                    </patent-classification>
                    <patent-classification sequence="6">
                        <classification-scheme office="EP" scheme="CPCI"/>
                        <section>B</section>
                        <class>28</class>
                        <subclass>B</subclass>
                        <main-group>7</main-group>
                        <subgroup>0064</subgroup>
                        <classification-value>I</classification-value>
                        <generating-office>EP</generating-office>
                    </patent-classification>
                </patent-classifications>
                <application-reference doc-id="17397285">
                    <document-id document-id-type="docdb">
                        <country>EP</country>
                        <doc-number>99203729</doc-number>
                        <kind>A</kind>
                    </document-id>
                    <document-id document-id-type="epodoc">
                        <doc-number>EP19990203729</doc-number>
                        <date>19991108</date>
                    </document-id>
                    <document-id document-id-type="original">
                        <doc-number>99203729</doc-number>
                    </document-id>
                </application-reference>
                <priority-claims>
                    <priority-claim sequence="1" kind="national">
                        <document-id document-id-type="epodoc">
                            <doc-number>NL19981010536</doc-number>
                            <date>19981112</date>
                        </document-id>
                        <document-id document-id-type="original">
                            <doc-number>1010536</doc-number>
                        </document-id>
                    </priority-claim>
                </priority-claims>
                <parties>
                    <applicants>
                        <applicant sequence="1" data-format="epodoc">
                            <applicant-name>
                                <name>BEHEERMIJ DE BOER NIJMEGEN BV [NL]</name>
                            </applicant-name>
                        </applicant>
                        <applicant sequence="1" data-format="original">
                            <applicant-name>
                                <name>BEHEERMAATSCHAPPIJ DE BOER NIJMEGEN B.V</name>
                            </applicant-name>
                        </applicant>
                    </applicants>
                    <inventors>
                        <inventor sequence="1" data-format="epodoc">
                            <inventor-name>
                                <name>KOSMAN WILHELMUS JACOBUS MARIA [NL]</name>
                            </inventor-name>
                        </inventor>
                        <inventor sequence="1" data-format="original">
                            <inventor-name>
                                <name>KOSMAN, WILHELMUS JACOBUS MARIA</name>
                            </inventor-name>
                        </inventor>
                    </inventors>
                </parties>
                <invention-title lang="de">Vorrichtung zur Herstellung von Steinformlingen für die Ziegelindustrie</invention-title>
                <invention-title lang="fr">Dispositif pour la fabrication de briques crues utilisées dans l'industrie manufacturière des briques</invention-title>
                <invention-title lang="en">Apparatus for manufacturing green bricks for the brick manufacturing industry</invention-title>
            </bibliographic-data>
        </exchange-document>
    </exchange-documents>
</ops:world-patent-data>