<?xml version="1.0" encoding="UTF-8"?><?xml-stylesheet type="text/xsl" href="/3.2/style/exchange.xsl"?>
<ops:world-patent-data xmlns="http://www.epo.org/exchange" xmlns:ops="http://ops.epo.org" xmlns:xlink="http://www.w3.org/1999/xlink">
    <ops:biblio-search total-result-count="10000">
        <ops:query syntax="CQL">ti = plastic</ops:query>
        <ops:range begin="1" end="100"/>
        <ops:search-result>
            <ops:publication-reference system="ops.epo.org" family-id="80865367">
                <document-id document-id-type="docdb">
                    <country>WO</country>
                    <doc-number>2022166343</doc-number>
                    <kind>A1</kind>
                </document-id>
            </ops:publication-reference>
            <ops:publication-reference system="ops.epo.org" family-id="75862064">
                <document-id document-id-type="docdb">
                    <country>WO</country>
                    <doc-number>2022165995</doc-number>
                    <kind>A1</kind>
                </document-id>
            </ops:publication-reference>
            <ops:publication-reference system="ops.epo.org" family-id="82740577">
                <document-id document-id-type="docdb">
                    <country>WO</country>
                    <doc-number>2022165598</doc-number>
                    <kind>A1</kind>
                </document-id>
            </ops:publication-reference>
            <ops:publication-reference system="ops.epo.org" family-id="74229716">
                <document-id document-id-type="docdb">
                    <country>US</country>
                    <doc-number>2022251371</doc-number>
                    <kind>A1</kind>
                </document-id>
            </ops:publication-reference>
            <ops:publication-reference system="ops.epo.org" family-id="81535380">
                <document-id document-id-type="docdb">
                    <country>US</country>
                    <doc-number>2022250365</doc-number>
                    <kind>A1</kind>
                </document-id>
            </ops:publication-reference>
            <ops:publication-reference system="ops.epo.org" family-id="81453654">
                <document-id document-id-type="docdb">
                    <country>US</country>
                    <doc-number>2022255299</doc-number>
                    <kind>A1</kind>
                </document-id>
            </ops:publication-reference>
            <ops:publication-reference system="ops.epo.org" family-id="71950697">
                <document-id document-id-type="docdb">
                    <country>US</country>
                    <doc-number>2022251389</doc-number>
                    <kind>A1</kind>
                </document-id>
            </ops:publication-reference>
            <ops:publication-reference system="ops.epo.org" family-id="74040061">
                <document-id document-id-type="docdb">
                    <country>US</country>
                    <doc-number>2022251276</doc-number>
                    <kind>A1</kind>
                </document-id>
            </ops:publication-reference>
            <ops:publication-reference system="ops.epo.org" family-id="82703559">
                <document-id document-id-type="docdb">
                    <country>US</country>
                    <doc-number>2022250793</doc-number>
                    <kind>A1</kind>
                </document-id>
            </ops:publication-reference>
            <ops:publication-reference system="ops.epo.org" family-id="81455270">
                <document-id document-id-type="docdb">
                    <country>US</country>
                    <doc-number>2022250332</doc-number>
                    <kind>A1</kind>
                </document-id>
            </ops:publication-reference>
            <ops:publication-reference system="ops.epo.org" family-id="76687403">
                <document-id document-id-type="docdb">
                    <country>AU</country>
                    <doc-number>2020417058</doc-number>
                    <kind>A1</kind>
                </document-id>
            </ops:publication-reference>
            <ops:publication-reference system="ops.epo.org" family-id="57965942">
                <document-id document-id-type="docdb">
                    <country>RS</country>
                    <doc-number>63369</doc-number>
                    <kind>B1</kind>
                </document-id>
            </ops:publication-reference>
            <ops:publication-reference system="ops.epo.org" family-id="69410921">
                <document-id document-id-type="docdb">
                    <country>CA</country>
                    <doc-number>3159993</doc-number>
                    <kind>A1</kind>
                </document-id>
            </ops:publication-reference>
            <ops:publication-reference system="ops.epo.org" family-id="82654750">
                <document-id document-id-type="docdb">
                    <country>WO</country>
                    <doc-number>2022164460</doc-number>
                    <kind>A1</kind>
                </document-id>
            </ops:publication-reference>
            <ops:publication-reference system="ops.epo.org" family-id="82654417">
                <document-id document-id-type="docdb">
                    <country>WO</country>
                    <doc-number>2022163404</doc-number>
                    <kind>A1</kind>
                </document-id>
            </ops:publication-reference>
            <ops:publication-reference system="ops.epo.org" family-id="76120367">
                <document-id document-id-type="docdb">
                    <country>WO</country>
                    <doc-number>2022160371</doc-number>
                    <kind>A1</kind>
                </document-id>
            </ops:publication-reference>
            <ops:publication-reference system="ops.epo.org" family-id="81986278">
                <document-id document-id-type="docdb">
                    <country>WO</country>
                    <doc-number>2022164138</doc-number>
                    <kind>A1</kind>
                </document-id>
            </ops:publication-reference>
            <ops:publication-reference system="ops.epo.org" family-id="76119175">
                <document-id document-id-type="docdb">
                    <country>WO</country>
                    <doc-number>2022160841</doc-number>
                    <kind>A1</kind>
                </document-id>
            </ops:publication-reference>
            <ops:publication-reference system="ops.epo.org" family-id="82652679">
                <document-id document-id-type="docdb">
                    <country>WO</country>
                    <doc-number>2022160046</doc-number>
                    <kind>A1</kind>
                </document-id>
            </ops:publication-reference>
            <ops:publication-reference system="ops.epo.org" family-id="66248800">
                <document-id document-id-type="docdb">
                    <country>AU</country>
                    <doc-number>2022205244</doc-number>
                    <kind>A1</kind>
                </document-id>
            </ops:publication-reference>
            <ops:publication-reference system="ops.epo.org" family-id="69177000">
                <document-id document-id-type="docdb">
                    <country>AU</country>
                    <doc-number>2021208295</doc-number>
                    <kind>A1</kind>
                </document-id>
            </ops:publication-reference>
            <ops:publication-reference system="ops.epo.org" family-id="69322664">
                <document-id document-id-type="docdb">
                    <country>AU</country>
                    <doc-number>2020406865</doc-number>
                    <kind>A1</kind>
                </document-id>
            </ops:publication-reference>
            <ops:publication-reference system="ops.epo.org" family-id="82613393">
                <document-id document-id-type="docdb">
                    <country>US</country>
                    <doc-number>2022242608</doc-number>
                    <kind>A1</kind>
                </document-id>
            </ops:publication-reference>
            <ops:publication-reference system="ops.epo.org" family-id="69743246">
                <document-id document-id-type="docdb">
                    <country>US</country>
                    <doc-number>2022247254</doc-number>
                    <kind>A1</kind>
                </document-id>
            </ops:publication-reference>
            <ops:publication-reference system="ops.epo.org" family-id="70975309">
                <document-id document-id-type="docdb">
                    <country>US</country>
                    <doc-number>2022242010</doc-number>
                    <kind>A1</kind>
                </document-id>
            </ops:publication-reference>
            <ops:publication-reference system="ops.epo.org" family-id="69547918">
                <document-id document-id-type="docdb">
                    <country>US</country>
                    <doc-number>2022242008</doc-number>
                    <kind>A1</kind>
                </document-id>
            </ops:publication-reference>
            <ops:publication-reference system="ops.epo.org" family-id="74229657">
                <document-id document-id-type="docdb">
                    <country>US</country>
                    <doc-number>2022241958</doc-number>
                    <kind>A1</kind>
                </document-id>
            </ops:publication-reference>
            <ops:publication-reference system="ops.epo.org" family-id="63452401">
                <document-id document-id-type="docdb">
                    <country>US</country>
                    <doc-number>2022241814</doc-number>
                    <kind>A1</kind>
                </document-id>
            </ops:publication-reference>
            <ops:publication-reference system="ops.epo.org" family-id="80466662">
                <document-id document-id-type="docdb">
                    <country>US</country>
                    <doc-number>2022244507</doc-number>
                    <kind>A1</kind>
                </document-id>
            </ops:publication-reference>
            <ops:publication-reference system="ops.epo.org" family-id="71944438">
                <document-id document-id-type="docdb">
                    <country>US</country>
                    <doc-number>2022243800</doc-number>
                    <kind>A1</kind>
                </document-id>
            </ops:publication-reference>
            <ops:publication-reference system="ops.epo.org" family-id="82610178">
                <document-id document-id-type="docdb">
                    <country>KR</country>
                    <doc-number>102423548</doc-number>
                    <kind>B1</kind>
                </document-id>
            </ops:publication-reference>
            <ops:publication-reference system="ops.epo.org" family-id="82609954">
                <document-id document-id-type="docdb">
                    <country>KR</country>
                    <doc-number>20220102829</doc-number>
                    <kind>A</kind>
                </document-id>
            </ops:publication-reference>
            <ops:publication-reference system="ops.epo.org" family-id="82609641">
                <document-id document-id-type="docdb">
                    <country>KR</country>
                    <doc-number>20220105053</doc-number>
                    <kind>A</kind>
                </document-id>
            </ops:publication-reference>
            <ops:publication-reference system="ops.epo.org" family-id="82609275">
                <document-id document-id-type="docdb">
                    <country>KR</country>
                    <doc-number>102423154</doc-number>
                    <kind>B1</kind>
                </document-id>
            </ops:publication-reference>
            <ops:publication-reference system="ops.epo.org" family-id="82608998">
                <document-id document-id-type="docdb">
                    <country>KR</country>
                    <doc-number>102424229</doc-number>
                    <kind>B1</kind>
                </document-id>
            </ops:publication-reference>
            <ops:publication-reference system="ops.epo.org" family-id="57965942">
                <document-id document-id-type="docdb">
                    <country>PT</country>
                    <doc-number>3828003</doc-number>
                    <kind>T</kind>
                </document-id>
            </ops:publication-reference>
            <ops:publication-reference system="ops.epo.org" family-id="63762666">
                <document-id document-id-type="docdb">
                    <country>PT</country>
                    <doc-number>3810392</doc-number>
                    <kind>T</kind>
                </document-id>
            </ops:publication-reference>
            <ops:publication-reference system="ops.epo.org" family-id="82549546">
                <document-id document-id-type="docdb">
                    <country>KR</country>
                    <doc-number>20220105926</doc-number>
                    <kind>A</kind>
                </document-id>
            </ops:publication-reference>
            <ops:publication-reference system="ops.epo.org" family-id="82607494">
                <document-id document-id-type="docdb">
                    <country>KR</country>
                    <doc-number>20220105758</doc-number>
                    <kind>A</kind>
                </document-id>
            </ops:publication-reference>
            <ops:publication-reference system="ops.epo.org" family-id="82607266">
                <document-id document-id-type="docdb">
                    <country>KR</country>
                    <doc-number>102423159</doc-number>
                    <kind>B1</kind>
                </document-id>
            </ops:publication-reference>
            <ops:publication-reference system="ops.epo.org" family-id="82606966">
                <document-id document-id-type="docdb">
                    <country>KR</country>
                    <doc-number>20220101788</doc-number>
                    <kind>A</kind>
                </document-id>
            </ops:publication-reference>
            <ops:publication-reference system="ops.epo.org" family-id="82606640">
                <document-id document-id-type="docdb">
                    <country>KR</country>
                    <doc-number>20220106359</doc-number>
                    <kind>A</kind>
                </document-id>
            </ops:publication-reference>
            <ops:publication-reference system="ops.epo.org" family-id="82606553">
                <document-id document-id-type="docdb">
                    <country>KR</country>
                    <doc-number>20220106340</doc-number>
                    <kind>A</kind>
                </document-id>
            </ops:publication-reference>
            <ops:publication-reference system="ops.epo.org" family-id="82594568">
                <document-id document-id-type="docdb">
                    <country>TW</country>
                    <doc-number>I765820</doc-number>
                    <kind>B</kind>
                </document-id>
            </ops:publication-reference>
            <ops:publication-reference system="ops.epo.org" family-id="82594400">
                <document-id document-id-type="docdb">
                    <country>TW</country>
                    <doc-number>I765625</doc-number>
                    <kind>B</kind>
                </document-id>
            </ops:publication-reference>
            <ops:publication-reference system="ops.epo.org" family-id="74186827">
                <document-id document-id-type="docdb">
                    <country>CA</country>
                    <doc-number>3166165</doc-number>
                    <kind>A1</kind>
                </document-id>
            </ops:publication-reference>
            <ops:publication-reference system="ops.epo.org" family-id="70228667">
                <document-id document-id-type="docdb">
                    <country>CA</country>
                    <doc-number>3166502</doc-number>
                    <kind>A1</kind>
                </document-id>
            </ops:publication-reference>
            <ops:publication-reference system="ops.epo.org" family-id="69410925">
                <document-id document-id-type="docdb">
                    <country>CA</country>
                    <doc-number>3160002</doc-number>
                    <kind>A1</kind>
                </document-id>
            </ops:publication-reference>
            <ops:publication-reference system="ops.epo.org" family-id="82559854">
                <document-id document-id-type="docdb">
                    <country>TW</country>
                    <doc-number>M626951</doc-number>
                    <kind>U</kind>
                </document-id>
            </ops:publication-reference>
            <ops:publication-reference system="ops.epo.org" family-id="82559582">
                <document-id document-id-type="docdb">
                    <country>TW</country>
                    <doc-number>M626764</doc-number>
                    <kind>U</kind>
                </document-id>
            </ops:publication-reference>
            <ops:publication-reference system="ops.epo.org" family-id="82559451">
                <document-id document-id-type="docdb">
                    <country>TW</country>
                    <doc-number>M626690</doc-number>
                    <kind>U</kind>
                </document-id>
            </ops:publication-reference>
            <ops:publication-reference system="ops.epo.org" family-id="82559142">
                <document-id document-id-type="docdb">
                    <country>TW</country>
                    <doc-number>M626436</doc-number>
                    <kind>U</kind>
                </document-id>
            </ops:publication-reference>
            <ops:publication-reference system="ops.epo.org" family-id="82559003">
                <document-id document-id-type="docdb">
                    <country>TW</country>
                    <doc-number>M626255</doc-number>
                    <kind>U</kind>
                </document-id>
            </ops:publication-reference>
            <ops:publication-reference system="ops.epo.org" family-id="82558873">
                <document-id document-id-type="docdb">
                    <country>TW</country>
                    <doc-number>202219197</doc-number>
                    <kind>A</kind>
                </document-id>
            </ops:publication-reference>
            <ops:publication-reference system="ops.epo.org" family-id="78085757">
                <document-id document-id-type="docdb">
                    <country>TW</country>
                    <doc-number>202217166</doc-number>
                    <kind>A</kind>
                </document-id>
            </ops:publication-reference>
            <ops:publication-reference system="ops.epo.org" family-id="82558756">
                <document-id document-id-type="docdb">
                    <country>TW</country>
                    <doc-number>202216641</doc-number>
                    <kind>A</kind>
                </document-id>
            </ops:publication-reference>
            <ops:publication-reference system="ops.epo.org" family-id="78831229">
                <document-id document-id-type="docdb">
                    <country>TW</country>
                    <doc-number>202216422</doc-number>
                    <kind>A</kind>
                </document-id>
            </ops:publication-reference>
            <ops:publication-reference system="ops.epo.org" family-id="78831227">
                <document-id document-id-type="docdb">
                    <country>TW</country>
                    <doc-number>202216423</doc-number>
                    <kind>A</kind>
                </document-id>
            </ops:publication-reference>
            <ops:publication-reference system="ops.epo.org" family-id="81383694">
                <document-id document-id-type="docdb">
                    <country>TW</country>
                    <doc-number>202219129</doc-number>
                    <kind>A</kind>
                </document-id>
            </ops:publication-reference>
            <ops:publication-reference system="ops.epo.org" family-id="82558650">
                <document-id document-id-type="docdb">
                    <country>TW</country>
                    <doc-number>202219360</doc-number>
                    <kind>A</kind>
                </document-id>
            </ops:publication-reference>
            <ops:publication-reference system="ops.epo.org" family-id="79186583">
                <document-id document-id-type="docdb">
                    <country>TW</country>
                    <doc-number>202219305</doc-number>
                    <kind>A</kind>
                </document-id>
            </ops:publication-reference>
            <ops:publication-reference system="ops.epo.org" family-id="77172678">
                <document-id document-id-type="docdb">
                    <country>TW</country>
                    <doc-number>202218845</doc-number>
                    <kind>A</kind>
                </document-id>
            </ops:publication-reference>
            <ops:publication-reference system="ops.epo.org" family-id="60664438">
                <document-id document-id-type="docdb">
                    <country>TW</country>
                    <doc-number>202218850</doc-number>
                    <kind>A</kind>
                </document-id>
            </ops:publication-reference>
            <ops:publication-reference system="ops.epo.org" family-id="80035576">
                <document-id document-id-type="docdb">
                    <country>TW</country>
                    <doc-number>202216860</doc-number>
                    <kind>A</kind>
                </document-id>
            </ops:publication-reference>
            <ops:publication-reference system="ops.epo.org" family-id="79316322">
                <document-id document-id-type="docdb">
                    <country>TW</country>
                    <doc-number>202217013</doc-number>
                    <kind>A</kind>
                </document-id>
            </ops:publication-reference>
            <ops:publication-reference system="ops.epo.org" family-id="82558270">
                <document-id document-id-type="docdb">
                    <country>ZA</country>
                    <doc-number>202204502</doc-number>
                    <kind>B</kind>
                </document-id>
            </ops:publication-reference>
            <ops:publication-reference system="ops.epo.org" family-id="58794107">
                <document-id document-id-type="docdb">
                    <country>HU</country>
                    <doc-number>E058210</doc-number>
                    <kind>T2</kind>
                </document-id>
            </ops:publication-reference>
            <ops:publication-reference system="ops.epo.org" family-id="82549776">
                <document-id document-id-type="docdb">
                    <country>WO</country>
                    <doc-number>2022158559</doc-number>
                    <kind>A1</kind>
                </document-id>
            </ops:publication-reference>
            <ops:publication-reference system="ops.epo.org" family-id="82549546">
                <document-id document-id-type="docdb">
                    <country>WO</country>
                    <doc-number>2022158722</doc-number>
                    <kind>A1</kind>
                </document-id>
            </ops:publication-reference>
            <ops:publication-reference system="ops.epo.org" family-id="82549173">
                <document-id document-id-type="docdb">
                    <country>WO</country>
                    <doc-number>2022159123</doc-number>
                    <kind>A1</kind>
                </document-id>
            </ops:publication-reference>
            <ops:publication-reference system="ops.epo.org" family-id="82405236">
                <document-id document-id-type="docdb">
                    <country>WO</country>
                    <doc-number>2022159078</doc-number>
                    <kind>A1</kind>
                </document-id>
            </ops:publication-reference>
            <ops:publication-reference system="ops.epo.org" family-id="82548829">
                <document-id document-id-type="docdb">
                    <country>WO</country>
                    <doc-number>2022158880</doc-number>
                    <kind>A1</kind>
                </document-id>
            </ops:publication-reference>
            <ops:publication-reference system="ops.epo.org" family-id="77076147">
                <document-id document-id-type="docdb">
                    <country>WO</country>
                    <doc-number>2022157398</doc-number>
                    <kind>A1</kind>
                </document-id>
            </ops:publication-reference>
            <ops:publication-reference system="ops.epo.org" family-id="75652431">
                <document-id document-id-type="docdb">
                    <country>WO</country>
                    <doc-number>2022156287</doc-number>
                    <kind>A1</kind>
                </document-id>
            </ops:publication-reference>
            <ops:publication-reference system="ops.epo.org" family-id="82548450">
                <document-id document-id-type="docdb">
                    <country>WO</country>
                    <doc-number>2022159040</doc-number>
                    <kind>A1</kind>
                </document-id>
            </ops:publication-reference>
            <ops:publication-reference system="ops.epo.org" family-id="74184455">
                <document-id document-id-type="docdb">
                    <country>AU</country>
                    <doc-number>2021212024</doc-number>
                    <kind>A1</kind>
                </document-id>
            </ops:publication-reference>
            <ops:publication-reference system="ops.epo.org" family-id="72239251">
                <document-id document-id-type="docdb">
                    <country>US</country>
                    <doc-number>2022234810</doc-number>
                    <kind>A1</kind>
                </document-id>
            </ops:publication-reference>
            <ops:publication-reference system="ops.epo.org" family-id="70968912">
                <document-id document-id-type="docdb">
                    <country>US</country>
                    <doc-number>2022235276</doc-number>
                    <kind>A1</kind>
                </document-id>
            </ops:publication-reference>
            <ops:publication-reference system="ops.epo.org" family-id="73554058">
                <document-id document-id-type="docdb">
                    <country>US</country>
                    <doc-number>2022234257</doc-number>
                    <kind>A1</kind>
                </document-id>
            </ops:publication-reference>
            <ops:publication-reference system="ops.epo.org" family-id="66091823">
                <document-id document-id-type="docdb">
                    <country>US</country>
                    <doc-number>2022234274</doc-number>
                    <kind>A1</kind>
                </document-id>
            </ops:publication-reference>
            <ops:publication-reference system="ops.epo.org" family-id="34963945">
                <document-id document-id-type="docdb">
                    <country>US</country>
                    <doc-number>2022232935</doc-number>
                    <kind>A1</kind>
                </document-id>
            </ops:publication-reference>
            <ops:publication-reference system="ops.epo.org" family-id="82494586">
                <document-id document-id-type="docdb">
                    <country>US</country>
                    <doc-number>2022235902</doc-number>
                    <kind>A1</kind>
                </document-id>
            </ops:publication-reference>
            <ops:publication-reference system="ops.epo.org" family-id="73220954">
                <document-id document-id-type="docdb">
                    <country>US</country>
                    <doc-number>2022236478</doc-number>
                    <kind>A1</kind>
                </document-id>
            </ops:publication-reference>
            <ops:publication-reference system="ops.epo.org" family-id="74037324">
                <document-id document-id-type="docdb">
                    <country>US</country>
                    <doc-number>2022235186</doc-number>
                    <kind>A1</kind>
                </document-id>
            </ops:publication-reference>
            <ops:publication-reference system="ops.epo.org" family-id="48463648">
                <document-id document-id-type="docdb">
                    <country>PL</country>
                    <doc-number>3095731</doc-number>
                    <kind>T3</kind>
                </document-id>
            </ops:publication-reference>
            <ops:publication-reference system="ops.epo.org" family-id="66000940">
                <document-id document-id-type="docdb">
                    <country>PL</country>
                    <doc-number>3708367</doc-number>
                    <kind>T3</kind>
                </document-id>
            </ops:publication-reference>
            <ops:publication-reference system="ops.epo.org" family-id="82484116">
                <document-id document-id-type="docdb">
                    <country>GE</country>
                    <doc-number>P19970920</doc-number>
                    <kind>B</kind>
                </document-id>
            </ops:publication-reference>
            <ops:publication-reference system="ops.epo.org" family-id="20391339">
                <document-id document-id-type="docdb">
                    <country>GE</country>
                    <doc-number>P19981254</doc-number>
                    <kind>B</kind>
                </document-id>
            </ops:publication-reference>
            <ops:publication-reference system="ops.epo.org" family-id="69781742">
                <document-id document-id-type="docdb">
                    <country>CA</country>
                    <doc-number>3165396</doc-number>
                    <kind>A1</kind>
                </document-id>
            </ops:publication-reference>
            <ops:publication-reference system="ops.epo.org" family-id="69322664">
                <document-id document-id-type="docdb">
                    <country>CA</country>
                    <doc-number>3165425</doc-number>
                    <kind>A1</kind>
                </document-id>
            </ops:publication-reference>
            <ops:publication-reference system="ops.epo.org" family-id="10943796">
                <document-id document-id-type="docdb">
                    <country>GR</country>
                    <doc-number>990100128</doc-number>
                    <kind>A</kind>
                </document-id>
            </ops:publication-reference>
            <ops:publication-reference system="ops.epo.org" family-id="10943540">
                <document-id document-id-type="docdb">
                    <country>GR</country>
                    <doc-number>1003250</doc-number>
                    <kind>B</kind>
                </document-id>
            </ops:publication-reference>
            <ops:publication-reference system="ops.epo.org" family-id="10943446">
                <document-id document-id-type="docdb">
                    <country>GR</country>
                    <doc-number>980100277</doc-number>
                    <kind>A</kind>
                </document-id>
            </ops:publication-reference>
            <ops:publication-reference system="ops.epo.org" family-id="10943445">
                <document-id document-id-type="docdb">
                    <country>GR</country>
                    <doc-number>980100276</doc-number>
                    <kind>A</kind>
                </document-id>
            </ops:publication-reference>
            <ops:publication-reference system="ops.epo.org" family-id="10943328">
                <document-id document-id-type="docdb">
                    <country>GR</country>
                    <doc-number>1003150</doc-number>
                    <kind>B</kind>
                </document-id>
            </ops:publication-reference>
            <ops:publication-reference system="ops.epo.org" family-id="10943295">
                <document-id document-id-type="docdb">
                    <country>GR</country>
                    <doc-number>980100005</doc-number>
                    <kind>A</kind>
                </document-id>
            </ops:publication-reference>
            <ops:publication-reference system="ops.epo.org" family-id="10943088">
                <document-id document-id-type="docdb">
                    <country>GR</country>
                    <doc-number>970100424</doc-number>
                    <kind>A</kind>
                </document-id>
            </ops:publication-reference>
            <ops:publication-reference system="ops.epo.org" family-id="10943023">
                <document-id document-id-type="docdb">
                    <country>GR</country>
                    <doc-number>1002931</doc-number>
                    <kind>B</kind>
                </document-id>
            </ops:publication-reference>
            <ops:publication-reference system="ops.epo.org" family-id="10942963">
                <document-id document-id-type="docdb">
                    <country>GR</country>
                    <doc-number>970100168</doc-number>
                    <kind>A</kind>
                </document-id>
            </ops:publication-reference>
            <ops:publication-reference system="ops.epo.org" family-id="10942863">
                <document-id document-id-type="docdb">
                    <country>GR</country>
                    <doc-number>1002842</doc-number>
                    <kind>B</kind>
                </document-id>
            </ops:publication-reference>
        </ops:search-result>
    </ops:biblio-search>
</ops:world-patent-data>